C51 COMPILER V9.52.0.0   MAIN                                                              07/30/2015 19:03:45 PAGE 1   


C51 COMPILER V9.52.0.0, COMPILATION OF MODULE MAIN
OBJECT MODULE PLACED IN main.OBJ
COMPILER INVOKED BY: C:\Keil_v5\C51\BIN\C51.EXE main.c BROWSE DEBUG OBJECTEXTEND TABS(2)

line level    source

   1          #include"func.h"
   2          
   3          void PreSet(){
   4   1          BlinkLED();
   5   1          COMSetup();
   6   1          
   7   1      }
   8          unsigned char getBtn(){
   9   1          if(BTN0==0){while(BTN0==0);return 1;}
  10   1          if(BTN1==0){while(BTN1==0);return 2;}
  11   1          if(BTN2==0){while(BTN2==0);return 3;}
  12   1          if(BTN3==0){while(BTN3==0);return 4;}
  13   1          if(BTN4==0){while(BTN4==0);return 5;}
  14   1          if(BTN5==0){while(BTN5==0);return 6;}
  15   1          return 0; 
  16   1      }
  17          
  18          void Verify(){
  19   1          unsigned char Ver=0;
  20   1          while(Ver==0){
  21   2            WaitRecv();
  22   2            LED0=~LED0;
  23   2            if(CodeVerify()){
  24   3                break;
  25   3            }else{
  26   3                RECVCOMP=0;
  27   3            }
  28   2          }
  29   1      }
  30          
  31          unsigned char KeyPed[16]={0};
  32          unsigned char KeypLen=0;
  33          
  34          int main(){
  35   1          unsigned char KeyP=0;   
  36   1          PreSet();
  37   1          Verify();
  38   1          while(1){
  39   2              KeyP=getBtn();
  40   2              if(KeyP!=0){
  41   3                  ET0=0;
  42   3                  TR0=0;
  43   3                  StartTM();
  44   3                   
  45   3                  {
  46   4                    KeyPed[KeypLen++]=KeyP+'0';
  47   4                  }
  48   3                  LED0=1;Delay1ms(100);LED0=0;Delay1ms(100);LED0=1;
  49   3              }else{
  50   3                  Delay1ms(10);
  51   3              }
  52   2          }
  53   1      }
  54          
  55          void timer0() interrupt 1 using 1{
C51 COMPILER V9.52.0.0   MAIN                                                              07/30/2015 19:03:45 PAGE 2   

  56   1          static int ti=0;
  57   1          ti++;
  58   1          LED1=~LED1;
  59   1          if(ti>=15){
  60   2            LED1=~LED1;ti=0;
  61   2            COMSendByte(KeypLen+'0');
  62   2            COMSendString(KeyPed,KeypLen);
  63   2            COMSendByte('\n');
  64   2            KeypLen=0;
  65   2            TR0=0;
  66   2          }
  67   1      }
  68          
  69          void COMI() interrupt 4{
  70   1            unsigned char dat;
  71   1            dat=SBUF;
  72   1            if(dat=='\n'){
  73   2                      RECVBUF[RECVLEN++]=dat;
  74   2                      LASTLEN=RECVLEN;RECVLEN=0;RECVCOMP=1;
  75   2            }else if(dat==0xA5){
  76   2                      COMCMDStart();RECVBUF[RECVLEN++]=dat;
  77   2              
  78   2            }else if(dat==0xEF){
  79   2                      COMCMDEnd();RECVBUF[RECVLEN++]=dat;
  80   2                      LASTLEN=RECVLEN;RECVLEN=0;RECVCOMP=1;
  81   2                
  82   2            }else{
  83   2                      RECVBUF[RECVLEN++]=dat;
  84   2            }
  85   1            RI=0;TI=0;
  86   1      }


MODULE INFORMATION:   STATIC OVERLAYABLE
   CODE SIZE        =    654    ----
   CONSTANT SIZE    =     40    ----
   XDATA SIZE       =   ----    ----
   PDATA SIZE       =   ----    ----
   DATA SIZE        =     88       7
   IDATA SIZE       =   ----    ----
   BIT SIZE         =      1    ----
END OF MODULE INFORMATION.


C51 COMPILATION COMPLETE.  0 WARNING(S),  0 ERROR(S)
